2025-10-31T16:06:36.694Z [ERROR]: Error checking channel membership for 8372210994 in @tunnelftdor:
2025-10-31T16:06:57.094Z [ERROR]: Error checking channel membership for 8372210994 in @tunnelftdor:
2025-10-31T16:07:05.398Z [ERROR]: Error checking channel membership for 8372210994 in @tunnelftdor:
2025-10-31T16:07:07.984Z [ERROR]: Error checking channel membership for 8372210994 in @tunnelftdor:
2025-10-31T16:07:08.580Z [ERROR]: Error saat memulai bot: 400: Bad Request: message is not modified: specified new message content and reply markup are exactly the same as a current content and reply markup of the message
2025-10-31T16:10:59.767Z [ERROR]: Error checking channel membership for 8372210994 in @tunnelftdor:
2025-10-31T16:11:00.480Z [ERROR]: Error saat memulai bot: 400: Bad Request: message is not modified: specified new message content and reply markup are exactly the same as a current content and reply markup of the message
2025-10-31T16:28:02.959Z [ERROR]: Error checking channel membership for 8372210994 in @tunnelftdor:
2025-10-31T16:28:12.788Z [ERROR]: Error checking channel membership for 8372210994 in @tunnelftdor:
2025-10-31T16:28:17.154Z [ERROR]: Error checking channel membership for 8372210994 in @tunnelftdor:
2025-10-31T16:28:18.119Z [ERROR]: Error checking channel membership for 8372210994 in @tunnelftdor:
2025-10-31T16:28:20.680Z [ERROR]: Error checking channel membership for 8372210994 in @tunnelftdor:
2025-10-31T16:32:29.015Z [ERROR]: Error checking channel membership for 8118068872 in @tunnelftdor:
2025-11-01T07:20:20.645Z [ERROR]: Error saat memulai bot: Cannot read properties of undefined (reading 'id')
2025-11-01T12:29:06.544Z [ERROR]: Error checking channel membership for 8372210994 in @tunnelftdor:
2025-11-01T12:29:06.964Z [ERROR]: Error saat memulai bot: Cannot read properties of undefined (reading 'id')
2025-11-01T12:30:19.719Z [ERROR]: Error saat memulai bot: 400: Bad Request: query is too old and response timeout expired or query ID is invalid
2025-11-01T12:44:27.084Z [ERROR]: Error saat memulai bot: request to https://api.telegram.org/bot7011657042:[REDACTED]/getMe failed, reason: 
2025-11-01T12:46:54.438Z [ERROR]: Error saat memulai bot: 403: Forbidden: bot was blocked by the user
2025-11-02T08:32:38.359Z [ERROR]: Error saat memulai bot: Cannot read properties of undefined (reading 'id')
2025-11-02T08:35:21.647Z [ERROR]: Error saat kembali ke menu utama:
2025-11-02T11:06:40.561Z [ERROR]: Error saat memulai bot: Cannot read properties of undefined (reading 'id')
2025-11-02T12:23:19.229Z [ERROR]: Error saat memulai bot: Cannot read properties of undefined (reading 'id')
2025-11-02T12:25:44.252Z [ERROR]: Error saat memulai bot: 400: Bad Request: query is too old and response timeout expired or query ID is invalid
